[2026-08-21T14:58:48Z] INVOKE asset=HFUI-A01-start-key-art cmd=higgsfield generate create gpt_image_2 --prompt <prompts/HFUI-A01-start-key-art.txt> --aspect_ratio 16:9 --wait --json
[2026-08-21T15:02:58Z] JOB asset=HFUI-A01-start-key-art job_id=28a44b3c-2645-46a7-a43c-02b260dbce1b status=completed url=https://d8j0ntlcm91z4.cloudfront.net/user_3HaZuH3UivCvNs7JsnnYaOB72Rx/hf_20260821_145849_28a44b3c-2645-46a7-a43c-02b260dbce1b.png
[2026-08-21T15:03:01Z] VERIFY asset=HFUI-A01-start-key-art png=True 2688x1520 bytes=6574542 pass=True
[2026-08-21T15:03:20Z] INVOKE asset=HFUI-P01-mira-portrait cmd=higgsfield generate create gpt_image_2 --prompt <prompts/HFUI-P01-mira-portrait.txt> --aspect_ratio 1:1 --wait --json
[2026-08-21T15:03:20Z] INVOKE asset=HFUI-F01-ledger-parchment cmd=higgsfield generate create gpt_image_2 --prompt <prompts/HFUI-F01-ledger-parchment.txt> --aspect_ratio 1:1 --wait --json
[2026-08-21T15:03:20Z] INVOKE asset=HFUI-T01-tutorial-vignette cmd=higgsfield generate create gpt_image_2 --prompt <prompts/HFUI-T01-tutorial-vignette.txt> --aspect_ratio 16:9 --wait --json
[2026-08-21T15:03:20Z] INVOKE asset=HFUI-I02-tide-route-icon cmd=higgsfield generate create gpt_image_2 --prompt <prompts/HFUI-I02-tide-route-icon.txt> --aspect_ratio 1:1 --wait --json
[2026-08-21T15:03:20Z] INVOKE asset=HFUI-I01-signal-lens-icon cmd=higgsfield generate create gpt_image_2 --prompt <prompts/HFUI-I01-signal-lens-icon.txt> --aspect_ratio 1:1 --wait --json
[2026-08-21T15:06:52Z] JOB asset=HFUI-P01-mira-portrait job_id=e2774337-bf70-47a2-b747-cbd9035f1c04 status=completed url=https://d8j0ntlcm91z4.cloudfront.net/user_3HaZuH3UivCvNs7JsnnYaOB72Rx/hf_20260821_150321_e2774337-bf70-47a2-b747-cbd9035f1c04.png
[2026-08-21T15:06:55Z] VERIFY asset=HFUI-P01-mira-portrait png=True 2048x2048 bytes=7551483 pass=True
[2026-08-21T15:06:55Z] JOB asset=HFUI-F01-ledger-parchment job_id=0184a043-bdf0-4aaf-8162-5bdcb57606c8 status=completed url=https://d8j0ntlcm91z4.cloudfront.net/user_3HaZuH3UivCvNs7JsnnYaOB72Rx/hf_20260821_150321_0184a043-bdf0-4aaf-8162-5bdcb57606c8.png
[2026-08-21T15:06:58Z] VERIFY asset=HFUI-F01-ledger-parchment png=True 2048x2048 bytes=7402907 pass=True
[2026-08-21T15:06:58Z] JOB asset=HFUI-I01-signal-lens-icon job_id=da33a9e2-da64-4378-b463-522f99eb22ef status=completed url=https://d8j0ntlcm91z4.cloudfront.net/user_3HaZuH3UivCvNs7JsnnYaOB72Rx/hf_20260821_150321_da33a9e2-da64-4378-b463-522f99eb22ef.png
[2026-08-21T15:07:00Z] VERIFY asset=HFUI-I01-signal-lens-icon png=True 2048x2048 bytes=5590027 pass=True
[2026-08-21T15:07:00Z] JOB asset=HFUI-I02-tide-route-icon job_id=346e630d-6772-44df-bad4-04bc9263044f status=completed url=https://d8j0ntlcm91z4.cloudfront.net/user_3HaZuH3UivCvNs7JsnnYaOB72Rx/hf_20260821_150321_346e630d-6772-44df-bad4-04bc9263044f.png
[2026-08-21T15:07:03Z] VERIFY asset=HFUI-I02-tide-route-icon png=True 2048x2048 bytes=5561788 pass=True
[2026-08-21T15:07:03Z] JOB asset=HFUI-T01-tutorial-vignette job_id=1704cf8d-ec1c-4c30-ab3a-fb495dfd3b74 status=completed url=https://d8j0ntlcm91z4.cloudfront.net/user_3HaZuH3UivCvNs7JsnnYaOB72Rx/hf_20260821_150321_1704cf8d-ec1c-4c30-ab3a-fb495dfd3b74.png
[2026-08-21T15:07:06Z] VERIFY asset=HFUI-T01-tutorial-vignette png=True 2688x1520 bytes=6864100 pass=True
[2026-08-21T15:07:34Z] REJECT asset=HFUI-P01-mira-portrait job_id=e2774337-bf70-47a2-b747-cbd9035f1c04 reason=lit lighthouse tower visible in background (violates dark-sealed-lighthouse rule); retry 1 with sharpened prompt
[2026-08-21T15:07:34Z] INVOKE asset=HFUI-P01-mira-portrait cmd=higgsfield generate create gpt_image_2 --prompt <prompts/HFUI-P01-mira-portrait.txt> --aspect_ratio 1:1 --wait --json
[2026-08-21T15:11:09Z] JOB asset=HFUI-P01-mira-portrait job_id=33ae3a9a-b7be-4e9f-ace8-7e52c2d23ed6 status=completed url=https://d8j0ntlcm91z4.cloudfront.net/user_3HaZuH3UivCvNs7JsnnYaOB72Rx/hf_20260821_150735_33ae3a9a-b7be-4e9f-ace8-7e52c2d23ed6.png
[2026-08-21T15:11:12Z] VERIFY asset=HFUI-P01-mira-portrait png=True 2048x2048 bytes=6819052 pass=True
[2026-08-21T15:11:51Z] REJECT asset=HFUI-T01-tutorial-vignette job_id=1704cf8d-ec1c-4c30-ab3a-fb495dfd3b74 reason=background skyline contains tower with lit lantern room (reads as lit lighthouse; violates dark-sealed rule); retry 1 with sharpened prompt
[2026-08-21T15:11:51Z] INVOKE asset=HFUI-T01-tutorial-vignette cmd=higgsfield generate create gpt_image_2 --prompt <prompts/HFUI-T01-tutorial-vignette.txt> --aspect_ratio 16:9 --wait --json
[2026-08-21T15:14:00Z] JOB asset=HFUI-T01-tutorial-vignette job_id=de7ee2e7-1585-4215-a194-3f0c4a10460d status=completed url=https://d8j0ntlcm91z4.cloudfront.net/user_3HaZuH3UivCvNs7JsnnYaOB72Rx/hf_20260821_151153_de7ee2e7-1585-4215-a194-3f0c4a10460d.png
[2026-08-21T15:14:02Z] VERIFY asset=HFUI-T01-tutorial-vignette png=True 2688x1520 bytes=6591972 pass=True
[2026-08-21T15:14:26Z] ACCEPT asset=HFUI-A01-start-key-art job_id=28a44b3c-2645-46a7-a43c-02b260dbce1b sha256=afd4a3ad421471a76c3bb65149ab9a09d4821c8643835c32ed37d5d5c1254492 provenance written
[2026-08-21T15:14:26Z] ACCEPT asset=HFUI-P01-mira-portrait job_id=33ae3a9a-b7be-4e9f-ace8-7e52c2d23ed6 sha256=15b2d9963c1ef25d736cefb8f9fb9cd82773af372dc1b22d0fdd36b4f6e10ba1 provenance written
[2026-08-21T15:14:26Z] ACCEPT asset=HFUI-F01-ledger-parchment job_id=0184a043-bdf0-4aaf-8162-5bdcb57606c8 sha256=121b37200bbf7d2e7e8069fc3602ac7bf36abfa423fc083f86db826ca6d0ba14 provenance written
[2026-08-21T15:14:26Z] ACCEPT asset=HFUI-I01-signal-lens-icon job_id=da33a9e2-da64-4378-b463-522f99eb22ef sha256=c434f7d106256136415204f49a0ca48459f74b1d6cab4321d6d9f2b7a27442e2 provenance written
[2026-08-21T15:14:26Z] ACCEPT asset=HFUI-I02-tide-route-icon job_id=346e630d-6772-44df-bad4-04bc9263044f sha256=cc4862286103bb241cf533bd55aefab77f277f447561f1389b132d37e854d7b1 provenance written
[2026-08-21T15:14:26Z] ACCEPT asset=HFUI-T01-tutorial-vignette job_id=de7ee2e7-1585-4215-a194-3f0c4a10460d sha256=94ac7f7c875b54f1f6475a017bf205024b93ce8e5a58bf662a72ff79ad251912 provenance written
[2026-08-21T15:14:26Z] PACK pack-manifest.json written; 6/6 assets candidate
