[2026-08-21T17:12:44Z] INVOKE asset=HFTX-T01-wet-planks cmd=higgsfield generate create gpt_image_2 --prompt <prompts/HFTX-T01-wet-planks.txt> --aspect_ratio 1:1 --wait --json
[2026-08-21T17:12:44Z] INVOKE asset=HFTX-T02-oxidized-brass cmd=higgsfield generate create gpt_image_2 --prompt <prompts/HFTX-T02-oxidized-brass.txt> --aspect_ratio 1:1 --wait --json
[2026-08-21T17:12:44Z] INVOKE asset=HFTX-S01-commit-stamp cmd=higgsfield generate create gpt_image_2 --prompt <prompts/HFTX-S01-commit-stamp.txt> --aspect_ratio 1:1 --wait --json
[2026-08-21T17:12:44Z] INVOKE asset=HFTX-S02-refusal-stamp cmd=higgsfield generate create gpt_image_2 --prompt <prompts/HFTX-S02-refusal-stamp.txt> --aspect_ratio 1:1 --wait --json
[2026-08-21T17:12:44Z] INVOKE asset=HFTX-S03-tide-route-seal cmd=higgsfield generate create gpt_image_2 --prompt <prompts/HFTX-S03-tide-route-seal.txt> --aspect_ratio 1:1 --wait --json
[2026-08-21T17:12:44Z] INVOKE asset=HFTX-T03-sail-canvas cmd=higgsfield generate create gpt_image_2 --prompt <prompts/HFTX-T03-sail-canvas.txt> --aspect_ratio 1:1 --wait --json
[2026-08-21T17:16:36Z] JOB asset=HFTX-T01-wet-planks job_id=03f2dfdc-1f17-4a3b-9dc6-c8dd6bf975be status=completed url=https://d8j0ntlcm91z4.cloudfront.net/user_3HaZuH3UivCvNs7JsnnYaOB72Rx/hf_20260821_171244_03f2dfdc-1f17-4a3b-9dc6-c8dd6bf975be.png
[2026-08-21T17:16:36Z] VERIFY asset=HFTX-T01-wet-planks png=True 2048x2048 bytes=8291183 pass=True
[2026-08-21T17:16:39Z] JOB asset=HFTX-T02-oxidized-brass job_id=9883cf47-88d9-49e2-a1f4-78acd50c2ced status=completed url=https://d8j0ntlcm91z4.cloudfront.net/user_3HaZuH3UivCvNs7JsnnYaOB72Rx/hf_20260821_171245_9883cf47-88d9-49e2-a1f4-78acd50c2ced.png
[2026-08-21T17:16:39Z] VERIFY asset=HFTX-T02-oxidized-brass png=True 2048x2048 bytes=8838541 pass=True
[2026-08-21T17:16:42Z] JOB asset=HFTX-T03-sail-canvas job_id=762e1150-761a-411e-a705-b6ad55569e0f status=completed url=https://d8j0ntlcm91z4.cloudfront.net/user_3HaZuH3UivCvNs7JsnnYaOB72Rx/hf_20260821_171244_762e1150-761a-411e-a705-b6ad55569e0f.png
[2026-08-21T17:16:42Z] VERIFY asset=HFTX-T03-sail-canvas png=True 2048x2048 bytes=10786205 pass=True
[2026-08-21T17:16:45Z] JOB asset=HFTX-S01-commit-stamp job_id=fb8a3ee3-3530-41ce-87e1-99422d31034e status=completed url=https://d8j0ntlcm91z4.cloudfront.net/user_3HaZuH3UivCvNs7JsnnYaOB72Rx/hf_20260821_171245_fb8a3ee3-3530-41ce-87e1-99422d31034e.png
[2026-08-21T17:16:45Z] VERIFY asset=HFTX-S01-commit-stamp png=True 2048x2048 bytes=4684256 pass=True
[2026-08-21T17:16:47Z] JOB asset=HFTX-S02-refusal-stamp job_id=fcb229f6-15ad-4232-872d-f6123fc4d6e9 status=completed url=https://d8j0ntlcm91z4.cloudfront.net/user_3HaZuH3UivCvNs7JsnnYaOB72Rx/hf_20260821_171245_fcb229f6-15ad-4232-872d-f6123fc4d6e9.png
[2026-08-21T17:16:47Z] VERIFY asset=HFTX-S02-refusal-stamp png=True 2048x2048 bytes=3734341 pass=True
[2026-08-21T17:16:50Z] JOB asset=HFTX-S03-tide-route-seal job_id=0dd402f7-26bf-430c-bbb4-e6241f30d427 status=completed url=https://d8j0ntlcm91z4.cloudfront.net/user_3HaZuH3UivCvNs7JsnnYaOB72Rx/hf_20260821_171244_0dd402f7-26bf-430c-bbb4-e6241f30d427.png
[2026-08-21T17:16:50Z] VERIFY asset=HFTX-S03-tide-route-seal png=True 2048x2048 bytes=6713701 pass=True
[2026-08-21T17:18:42Z] ACCEPT asset=HFTX-T01-wet-planks verdict=tiles cleanly, no border/vignette; storm-slate palette on-brief
[2026-08-21T17:18:42Z] ACCEPT asset=HFTX-T02-oxidized-brass verdict=tiles acceptably (faint verdigris edge clustering, no hard seam); warm brass base on-brief
[2026-08-21T17:18:42Z] ACCEPT asset=HFTX-T03-sail-canvas verdict=weakest tiler: faint tonal step at creases, patch motif repeats visibly; per-brief stitch/patch present, no border
[2026-08-21T17:18:42Z] ACCEPT asset=HFTX-S01-commit-stamp verdict=circular anchor+rope ring, amber ink, aged texture, clean silhouette, no text
[2026-08-21T17:18:42Z] ACCEPT asset=HFTX-S02-refusal-stamp verdict=square crossed-quill-over-wave, cool slate ink, non-alarming, no red, no text
[2026-08-21T17:18:42Z] ACCEPT asset=HFTX-S03-tide-route-seal verdict=wax-seal rim, crescent tide + dotted route, brass+amber, no text, no lighthouse
[2026-08-21T17:18:52Z] CURATE asset=HFTX-T01-wet-planks runtime=ui-tex-wet-planks.png sips resample to 512x512 bytes=406343 sha256=289f813b0147b89e74b7580a74d953979d506f23a84b2e5aa7f5e9577a5c49c2
[2026-08-21T17:18:53Z] CURATE asset=HFTX-T02-oxidized-brass runtime=ui-tex-oxidized-brass.png sips resample to 512x512 bytes=465469 sha256=73b2316a67886c1c05a4b3cbcd5451bd3ab24039b18d6de46565c3dcb3b69223
[2026-08-21T17:18:53Z] CURATE asset=HFTX-T03-sail-canvas runtime=ui-tex-sail-canvas.png sips resample to 512x512 bytes=398628 sha256=c666555aa03f1dece3250dc41a14a08e67989aae8b0e1996d8e37f4f2b62c3d2
[2026-08-21T17:18:53Z] CURATE asset=HFTX-S01-commit-stamp runtime=ui-stamp-commit.png sips resample to 256x256 bytes=102315 sha256=1544301d5a7808e87230eef521e60dfa96df77d6d231007950bf80d110362489
[2026-08-21T17:18:53Z] CURATE asset=HFTX-S02-refusal-stamp runtime=ui-stamp-refusal.png sips resample to 256x256 bytes=79366 sha256=f7cb41cd9b30cc6721ec1a959a6b31e5fb817e85002e756882ab46b7315ba6a3
[2026-08-21T17:18:53Z] CURATE asset=HFTX-S03-tide-route-seal runtime=ui-seal-tide-route.png sips resample to 256x256 bytes=110954 sha256=5532aa5e98cbd6a21de27122d440645b4b1de779736738c14692d56c9ba4bce1
